// Jest Snapshot v1, https://goo.gl/fbAQLP

exports[`<ReadingList /> renders properly 1`] = `
<div
  class="home item-list"
>
  <div
    class="side-bar"
  >
    <div
      class="widget filters"
    >
      <input
        onKeyUp={[Function]}
        placeHolder="search your list"
      />
      <div
        class="filters-header"
      >
        <h4
          class="filters-header-text"
        >
          my tags
        </h4>
      </div>
      <div
        class="tags"
      >
        <a
          class="tag "
          data-no-instant={true}
          href="/t/discuss"
          onClick={[Function]}
        >
          #discuss
        </a>
      </div>
      <div
        class="status-view-toggle"
      >
        <a
          data-no-instant={true}
          href="/readinglist/archive"
          onClick={[Function]}
        >
          View Archive
        </a>
      </div>
    </div>
  </div>
  <div
    class="items-container"
  >
    <div
      class="results "
    >
      <div
        class="results-header"
      >
        Reading List (empty)
      </div>
      <div>
        <div
          class="items-empty"
        >
          <h1>
            Your Archive List is Lonely
          </h1>
        </div>
      </div>
    </div>
  </div>
  <div
    class="items-container"
  >
    <div
      class="collection-cont results results--loaded"
      id="reading-collection"
    >
      <div
        class="results-header collection-header"
      >
        Collections (2)
        <a
          class="new-collection"
          href="/readingcollections/new"
        >
          +
        </a>
      </div>
      <section
        class="collection item-wrapper"
      >
        <div
          class="item"
        >
          <a
            class="item-title"
            href="/readingcollections/testing-collection-2ioh"
          >
            Testing Collection
          </a>
          <section
            class="tag-display"
          >
            <a
              href="/t/javascript"
            >
              <span
                class="tag"
              >
                 #javascript
              </span>
            </a>
            <a
              href="/t/webdev"
            >
              <span
                class="tag"
              >
                 #webdev
              </span>
            </a>
          </section>
        </div>
      </section>
      <section
        class="collection item-wrapper"
      >
        <div
          class="item"
        >
          <a
            class="item-title"
            href="/readingcollections/testing-collection2-2dwa"
          >
            Testing Collection 2
          </a>
          <section
            class="tag-display"
          >
            <a
              href="/t/security"
            >
              <span
                class="tag"
              >
                 #security
              </span>
            </a>
            <a
              href="/t/java"
            >
              <span
                class="tag"
              >
                 #java
              </span>
            </a>
          </section>
        </div>
      </section>
    </div>
  </div>
</div>
`;
